db.ts(41,14): error TS2739: Type '{ settings: { appBranding: { appName: string; }; appSupport: { supportWhatsApp: string; supportEmail: string; }; rankingsCovers: {}; }; users: User[]; requests: undefined[]; certificationRequests: undefined[]; ... 5 more ...; partners: undefined[]; }' is missing the following properties from type 'DB': eventTeams, eventTeamMembers
services/auth/firebaseAuth.ts(15,14): error TS2741: Property 'logout' is missing in type '{ requestOtp(email: string): Promise<void>; verifyOtp(email: string, code: string): Promise<{ success: boolean; error?: string; }>; findUserByEmail(db: DB, email: string): Promise<...>; findUserByCpf(db: DB, cpf: string): Promise<...>; createUserFromProfile(db: DB, setDb: any, profile: AuthProfileData): Promise<...>...' but required in type 'AuthService'.
